// Jest Snapshot v1, https://goo.gl/fbAQLP

exports[`Header matches the snapshot 1`] = `
<header
  className="MuiPaper-root MuiPaper-elevation MuiPaper-elevation4 MuiAppBar-root MuiAppBar-colorPrimary MuiAppBar-positionStatic css-4um4w8-MuiPaper-root-MuiAppBar-root"
>
  <div
    className="MuiToolbar-root MuiToolbar-gutters MuiToolbar-regular css-hyum1k-MuiToolbar-root"
  >
    <div
      className="MuiTypography-root MuiTypography-h6 css-piwjgx-MuiTypography-root"
    >
      Produce Tracking
    </div>
    <div
      className="MuiToolbar-root MuiToolbar-gutters MuiToolbar-regular css-hyum1k-MuiToolbar-root"
    >
      <div
        className="MuiBox-root css-i9gxme"
      >
        <a
          className="MuiTypography-root MuiTypography-inherit MuiLink-root MuiLink-underlineNone css-1n54ss-MuiTypography-root-MuiLink-root"
          href="/orders"
          onBlur={[Function]}
          onClick={[Function]}
          onFocus={[Function]}
        >
          All orders
        </a>
        <a
          className="MuiTypography-root MuiTypography-inherit MuiLink-root MuiLink-underlineNone css-1n54ss-MuiTypography-root-MuiLink-root"
          href="/report"
          onBlur={[Function]}
          onClick={[Function]}
          onFocus={[Function]}
        >
          Report
        </a>
        <a
          className="MuiTypography-root MuiTypography-inherit MuiLink-root MuiLink-underlineNone css-1n54ss-MuiTypography-root-MuiLink-root"
          onBlur={[Function]}
          onClick={[Function]}
          onFocus={[Function]}
        >
          Logout
        </a>
      </div>
    </div>
  </div>
</header>
`;
